code fingerprint: e7a5c7cc920c4912
reference: places/bar_pool_room/route_0045.49.jpg

=== trial 1/3 ===
  not at bar_pool_room and cannot say where this is (unrecognised (4.000/4.000)) — reloading to a known start
  reset failed (ResetError: the confirmation dialog never accepted YES — the cross key is not reaching the game)
  could not verify the node — trial abandoned, NOT counted as a stall (a measurement from the wrong room proves nothing)

=== trial 2/3 ===
  not at bar_pool_room and cannot say where this is (unrecognised (90.000/1.020)) — reloading to a known start
  route: office_corridor -> office_door -> portrait_room -> bar_pool_room  (18.1s of walking)
    leg office_corridor -> office_door
      step 1/7 bearing  270.4 (got  270.1) 0.79s -> walked 0.79s, best change 17.3
      step 2/7 bearing  270.1 (got  268.8) 0.78s -> walked 0.78s, best change 14.2
      step 3/7 bearing  270.1 (got  268.9) 0.78s -> walked 0.78s, best change 22.2
      step 4/7 bearing  270.3 (got  270.9) 0.78s -> walked 0.78s, best change 13.2
      step 5/7 bearing  270.1 (got  270.9) 0.79s -> walked 0.79s, best change 12.6
      step 6/7 bearing  270.1 (got  272.0) 0.79s -> walked 0.79s, best change 9.7
      step 7/7 bearing  270.4 (got  272.8) 0.42s -> walked 0.42s, best change 5.0
      step 7 blocked but the scene is MOVING — an NPC in the passage, not a wall
      waited 2.5s: displaced 0.0px
      jump 1: displaced 0.0px
      jump 2: displaced 0.0px
      slip right: displaced 0.0px
      slip left: displaced 0.0px
      nothing cleared it — treating this as geometry, not an NPC
      step 7 moved only 5.0 (< 6.0) over 0.42s — stall score 1
      arrived? None  (no appearance reference by design)
    leg office_door -> portrait_room
      step 1/16 bearing  338.1 (got  339.7) 0.79s -> walked 0.79s, best change 22.3
      step 2/16 bearing  339.2 (got  337.5) 0.70s -> walked 0.70s, best change 58.5
      step 3/16 bearing  347.9 (got  346.4) 0.42s -> walked 0.42s, best change 44.0
      step 4/16 bearing  355.2 (got  357.2) 0.79s -> walked 0.79s, best change 47.6
      step 5/16 bearing  360.0 (got  359.7) 0.51s -> walked 0.51s, best change 16.8
      step 6/16 bearing    8.6 (got    4.9) 0.78s -> walked 0.78s, best change 34.3
      step 7/16 bearing    7.7 (got    9.9) 0.78s -> walked 0.78s, best change 16.8
      step 8/16 bearing    1.7 (got  359.4) 0.80s -> walked 0.80s, best change 9.3
      step 9/16 bearing  359.6 (got  355.7) 0.36s -> walked 0.36s, best change 12.8
      step 10/16 bearing  359.4 (got  358.7) 0.78s -> walked 0.78s, best change 9.3
      step 11/16 bearing  357.9 (got  358.3) 0.79s -> walked 0.79s, best change 14.1
      step 12/16 bearing  358.0 (got  358.3) 0.79s -> walked 0.79s, best change 15.3
      step 13/16 bearing  357.8 (got  358.3) 0.79s -> walked 0.79s, best change 13.7
      step 14/16 bearing  357.9 (got  358.3) 0.79s -> walked 0.79s, best change 14.9
      step 15/16 bearing    0.8 (got  358.3) 0.79s -> walked 0.79s, best change 14.1
      step 16/16 bearing    4.0 (got    2.4) 0.36s -> walked 0.36s, best change 14.8
      recovery fan did not find portrait_room
      arrived? None  (unverified, abstained (149.000/1.340))
    leg portrait_room -> bar_pool_room
      step 1/4 bearing  286.6 (got  285.6) 0.16s -> walked 0.16s, best change 8.8
      step 2/4 bearing  292.2 (got  294.4) 0.79s -> walked 0.79s, best change 9.8
      step 3/4 bearing  285.6 (got  286.5) 0.80s -> walked 0.80s, best change 8.9
      step 4/4 bearing  287.6 (got  291.4) 0.23s -> walked 0.23s, best change 6.0
      step 4 blocked but the scene is MOVING — an NPC in the passage, not a wall
      waited 2.5s: displaced 0.0px
      jump 1: displaced 91.5px
      recovery fan did not find bar_pool_room
      arrived? None  (unverified, abstained (2.000/2.000))
  arrived, but 3 node(s) could not be confirmed on the way: ['office_door', 'portrait_room', 'bar_pool_room'] — each is a hole in the reference set
  not at bar_pool_room and cannot say where this is (unrecognised (1.000/1.000)) — reloading to a known start
  route: office_corridor -> office_door -> portrait_room -> bar_pool_room  (18.1s of walking)
    leg office_corridor -> office_door
      step 1/7 bearing  270.4 (got  272.7) 0.79s -> walked 0.79s, best change 20.1
      step 2/7 bearing  270.1 (got  272.8) 0.78s -> walked 0.78s, best change 18.8
      step 3/7 bearing  270.1 (got  272.8) 0.78s -> walked 0.78s, best change 16.6
      step 4/7 bearing  270.3 (got  272.8) 0.78s -> walked 0.78s, best change 12.3
      step 5/7 bearing  270.1 (got  272.7) 0.79s -> walked 0.79s, best change 9.0
      step 6/7 bearing  270.1 (got  272.8) 0.79s -> walked 0.79s, best change 6.9
      step 7/7 bearing  270.4 (got  272.8) 0.42s -> walked 0.42s, best change 5.8
      step 7 blocked but the scene is MOVING — an NPC in the passage, not a wall
      waited 2.5s: displaced 0.0px
      jump 1: displaced 0.0px
      jump 2: displaced 0.0px
      slip right: displaced 0.0px
      slip left: displaced 0.0px
      nothing cleared it — treating this as geometry, not an NPC
      step 7 moved only 5.8 (< 6.0) over 0.42s — stall score 1
      arrived? None  (no appearance reference by design)
    leg office_door -> portrait_room
      step 1/16 bearing  338.1 (got  334.7) 0.79s -> walked 0.79s, best change 10.6
      step 2/16 bearing  339.2 (got  338.7) 0.70s -> walked 0.70s, best change 22.5
      step 3/16 bearing  347.9 (got  351.5) 0.42s -> walked 0.42s, best change 27.2
      step 4/16 bearing  355.2 (got  351.5) 0.79s -> walked 0.79s, best change 57.5
      step 5/16 bearing  360.0 (got  358.4) 0.51s -> walked 0.51s, best change 33.5
      step 6/16 bearing    8.6 (got    9.0) 0.78s -> walked 0.78s, best change 18.0
      step 7/16 bearing    7.7 (got    9.1) 0.78s -> walked 0.78s, best change 32.8
      step 8/16 bearing    1.7 (got    1.8) 0.80s -> walked 0.80s, best change 28.4
      step 9/16 bearing  359.6 (got    1.9) 0.36s -> walked 0.36s, best change 14.1
      step 10/16 bearing  359.4 (got    2.5) 0.78s -> walked 0.78s, best change 18.4
      step 11/16 bearing  357.9 (got    1.9) 0.79s -> walked 0.79s, best change 25.6
      step 12/16 bearing  358.0 (got    1.9) 0.79s -> walked 0.79s, best change 31.8
      step 13/16 bearing  357.8 (got  358.5) 0.79s -> walked 0.79s, best change 22.7
      step 14/16 bearing  357.9 (got  358.5) 0.79s -> walked 0.79s, best change 18.3
      step 15/16 bearing    0.8 (got  358.5) 0.79s -> walked 0.79s, best change 25.1
      step 16/16 bearing    4.0 (got    5.6) 0.36s -> walked 0.36s, best change 18.7
      arrived? True  (portrait_room 401.000/3.040)
      align: within 35px (dx=+12.6) after 0 step(s)
      aligned at portrait_room: 13px from the recorded pose
    leg portrait_room -> bar_pool_room
      step 1/4 bearing  286.6 (got  289.4) 0.16s -> walked 0.16s, best change 9.5
      step 2/4 bearing  292.2 (got  289.4) 0.79s -> walked 0.79s, best change 20.0
      step 3/4 bearing  285.6 (got  286.1) 0.80s -> walked 0.80s, best change 17.5
      step 4/4 bearing  287.6 (got  286.2) 0.23s -> walked 0.23s, best change 9.2
      recovery fan did not find bar_pool_room
      arrived? None  (unverified, abstained (112.000/1.110))
  arrived, but 2 node(s) could not be confirmed on the way: ['office_door', 'bar_pool_room'] — each is a hole in the reference set
  not at bar_pool_room and cannot say where this is (unrecognised (185.000/1.310)) — reloading to a known start
  reset failed (ResetError: no confirmation dialog appeared (delta 3.8))
  could not verify the node — trial abandoned, NOT counted as a stall (a measurement from the wrong room proves nothing)

=== trial 3/3 ===
  not at bar_pool_room and cannot say where this is (unrecognised (64.000/1.070)) — reloading to a known start
  route: office_corridor -> office_door -> portrait_room -> bar_pool_room  (18.1s of walking)
    leg office_corridor -> office_door
      step 1/7 bearing  270.4 (got  271.5) 0.79s -> walked 0.79s, best change 20.9
      step 2/7 bearing  270.1 (got  271.5) 0.78s -> walked 0.78s, best change 18.8
      step 3/7 bearing  270.1 (got  271.5) 0.78s -> walked 0.78s, best change 15.2
      step 4/7 bearing  270.3 (got  271.5) 0.78s -> walked 0.78s, best change 11.8
      step 5/7 bearing  270.1 (got  271.5) 0.79s -> walked 0.79s, best change 10.0
      step 6/7 bearing  270.1 (got  271.5) 0.79s -> walked 0.79s, best change 7.9
      step 7/7 bearing  270.4 (got  271.5) 0.42s -> walked 0.42s, best change 6.3
      arrived? None  (no appearance reference by design)
    leg office_door -> portrait_room
      step 1/16 bearing  338.1 (got  339.5) 0.79s -> walked 0.79s, best change 14.7
      step 2/16 bearing  339.2 (got  339.5) 0.70s -> walked 0.70s, best change 20.8
      step 3/16 bearing  347.9 (got  344.6) 0.42s -> walked 0.42s, best change 26.5
      step 4/16 bearing  355.2 (got  355.6) 0.79s -> walked 0.79s, best change 42.9
      step 5/16 bearing  360.0 (got  359.4) 0.51s -> walked 0.51s, best change 20.3
      step 6/16 bearing    8.6 (got    6.8) 0.78s -> walked 0.78s, best change 19.3
      step 7/16 bearing    7.7 (got    6.8) 0.78s -> walked 0.78s, best change 36.1
      step 8/16 bearing    1.7 (got    2.5) 0.80s -> walked 0.80s, best change 35.0
      step 9/16 bearing  359.6 (got    2.6) 0.36s -> walked 0.36s, best change 18.2
      step 10/16 bearing  359.4 (got    2.6) 0.78s -> walked 0.78s, best change 20.1
      step 11/16 bearing  357.9 (got  356.6) 0.79s -> walked 0.79s, best change 19.3
      step 12/16 bearing  358.0 (got  356.6) 0.79s -> walked 0.79s, best change 20.8
      step 13/16 bearing  357.8 (got  356.6) 0.79s -> walked 0.79s, best change 24.5
      step 14/16 bearing  357.9 (got  356.6) 0.79s -> walked 0.79s, best change 27.1
      step 15/16 bearing    0.8 (got  359.3) 0.79s -> walked 0.79s, best change 25.2
      step 16/16 bearing    4.0 (got    5.2) 0.36s -> walked 0.36s, best change 25.1
      arrived? True  (portrait_room 456.000/4.110)
      align: dx=+715.2 -> strafe right 0.60s
      align: dx=-160.8 -> strafe left 0.13s
      align: dx=+915.7 -> strafe right 0.60s
      align: dx=-162.0 -> strafe left 0.14s
      align: dx=-118.8 -> strafe left 0.10s
      align: dx=+324.7 -> strafe right 0.27s
      aligned at portrait_room: 37px from the recorded pose
    leg portrait_room -> bar_pool_room
      step 1/4 bearing  286.6 (got  288.2) 0.16s -> walked 0.16s, best change 14.9
      step 2/4 bearing  292.2 (got  290.6) 0.79s -> walked 0.79s, best change 15.3
      step 3/4 bearing  285.6 (got  285.0) 0.80s -> walked 0.80s, best change 20.1
      step 4/4 bearing  287.6 (got  285.3) 0.23s -> walked 0.23s, best change 17.8
      recovery fan did not find bar_pool_room
      arrived? None  (unverified, abstained (79.000/1.110))
  arrived, but 2 node(s) could not be confirmed on the way: ['office_door', 'bar_pool_room'] — each is a hole in the reference set
  not at bar_pool_room and cannot say where this is (unrecognised (5.000/1.000)) — reloading to a known start
  route: office_corridor -> office_door -> portrait_room -> bar_pool_room  (18.1s of walking)
    leg office_corridor -> office_door
      step 1/7 bearing  270.4 (got  271.5) 0.79s -> walked 0.79s, best change 19.8
      step 2/7 bearing  270.1 (got  271.5) 0.78s -> walked 0.78s, best change 19.5
      step 3/7 bearing  270.1 (got  271.5) 0.78s -> walked 0.78s, best change 14.6
      step 4/7 bearing  270.3 (got  271.5) 0.78s -> walked 0.78s, best change 10.8
      step 5/7 bearing  270.1 (got  271.5) 0.79s -> walked 0.79s, best change 9.9
      step 6/7 bearing  270.1 (got  271.5) 0.79s -> walked 0.79s, best change 6.7
      step 7/7 bearing  270.4 (got  271.5) 0.42s -> walked 0.42s, best change 6.1
      arrived? None  (no appearance reference by design)
    leg office_door -> portrait_room
      step 1/16 bearing  338.1 (got  338.3) 0.79s -> walked 0.79s, best change 13.4
      step 2/16 bearing  339.2 (got  338.3) 0.70s -> walked 0.70s, best change 18.0
      step 3/16 bearing  347.9 (got  346.3) 0.42s -> walked 0.42s, best change 22.2
      step 4/16 bearing  355.2 (got  351.7) 0.79s -> walked 0.79s, best change 45.9
      step 5/16 bearing  360.0 (got  359.9) 0.51s -> walked 0.51s, best change 29.1
      step 6/16 bearing    8.6 (got    8.6) 0.78s -> walked 0.78s, best change 18.6
      step 7/16 bearing    7.7 (got    8.6) 0.78s -> walked 0.78s, best change 29.6
      step 8/16 bearing    1.7 (got    4.6) 0.80s -> walked 0.80s, best change 34.0
      step 9/16 bearing  359.6 (got    0.9) 0.36s -> walked 0.36s, best change 17.1
      step 10/16 bearing  359.4 (got    0.8) 0.78s -> walked 0.78s, best change 17.9
      step 11/16 bearing  357.9 (got    0.9) 0.79s -> walked 0.79s, best change 29.4
      step 12/16 bearing  358.0 (got    0.9) 0.79s -> walked 0.79s, best change 29.3
      step 13/16 bearing  357.8 (got    0.9) 0.79s -> walked 0.79s, best change 24.1
      step 14/16 bearing  357.9 (got    0.9) 0.79s -> walked 0.79s, best change 32.0
      step 15/16 bearing    0.8 (got    0.9) 0.79s -> walked 0.79s, best change 29.4
      step 16/16 bearing    4.0 (got    0.9) 0.36s -> walked 0.36s, best change 17.7
      arrived? True  (portrait_room 626.000/4.780)
      align: dx=-51.8 -> strafe left 0.10s
      align: within 35px (dx=+0.5) after 1 step(s)
      aligned at portrait_room: 1px from the recorded pose
    leg portrait_room -> bar_pool_room
      step 1/4 bearing  286.6 (got  287.3) 0.16s -> walked 0.16s, best change 10.0
      step 2/4 bearing  292.2 (got  293.2) 0.79s -> walked 0.79s, best change 18.2
      step 3/4 bearing  285.6 (got  288.8) 0.80s -> walked 0.80s, best change 20.3
      step 4/4 bearing  287.6 (got  288.7) 0.23s -> walked 0.23s, best change 12.8
      arrived? True  (bar_pool_room 438.000/4.130)
      align: dx=+128.7 -> strafe right 0.11s
      align: dx=+81.7 -> strafe right 0.10s
      align: dx=+51.7 -> strafe right 0.10s
      align: dx barely changed (+52 -> +51) — blocked sideways, cannot correct from here
      aligned at bar_pool_room: 51px from the recorded pose
  arrived, but 1 node(s) could not be confirmed on the way: ['office_door'] — each is a hole in the reference set
  verified at bar_pool_room (bar_pool_room 591.000/5.230)
  starting dx: 51.5
      align: dx=+51.8 -> strafe right 0.10s
      align: within 35px (dx=+11.4) after 1 step(s)
  final dx: 11.4

  *** SOURCE CHANGED MID-RUN (e7a5c7cc920c4912 -> aec5e5a3b099f435). This measurement is INVALID. ***

--- STEP 3 RESULT ---
  trial 1: reached=False start=None final=None
  trial 2: reached=False start=None final=None
  trial 3: reached=True start=51.5 final=11.4
  CONVERGED (all <= 35.0px) -> step 4 is justified
EXIT=0
