--- background QoS (taskpolicy -b), per-test ceiling 1200s
--- 143 test files, JOBS=4, 1200s ceiling each
  [  1/143] PASS   test_atomic_results.py                          1s
  [  2/143] PASS   test_census_reports_leg_end.py                  1s
  [  3/143] PASS   test_console_exclusive.py                       2s
  [  4/143] PASS   test_env_loader.py                              0s
  [  5/143] PASS   test_harness_restores_shipped_value.py          0s
  [  6/143] PASS   test_kill_runaways.py                           1s
  [  7/143] PASS   test_caches_not_written_in_tests.py             6s
  [  8/143] PASS   test_leg_under_test_collects_evidence.py        1s
  [  9/143] PASS   test_overnight_harness.py                       6s
  [ 10/143] PASS   test_overnight_start_hint.py                    1s
  [ 11/143] PASS   test_profile_exclusive_time.py                  1s
  [ 12/143] PASS   test_injectinput_cpp.py                        15s
  [ 13/143] PASS   test_state_files_are_real.py                    1s
  [ 14/143] PASS   test_no_undefined_names.py                     12s
  [ 15/143] PASS   test_trial_records.py                           1s
  [ 16/143] PASS   test_api_budget.py                              0s
  [ 17/143] PASS   test_suite_timeout_kills.py                     6s
  [ 18/143] PASS   test_run_trial_streams.py                      10s
  [ 19/143] PASS   test_balance_is_not_health.py                   5s
  [ 20/143] PASS   test_ban_grid_locked.py                         7s
  [ 21/143] PASS   test_ban_scan.py                                9s
  [ 22/143] PASS   test_decisions.py                               5s
  [ 23/143] PASS   test_ban_ocr_confusion.py                      22s
  [ 24/143] PASS   test_gameplay_regions.py                        5s
  [ 25/143] PASS   test_image_pipeline.py                          7s
  [ 26/143] PASS   test_budget_reserve_fits.py                    34s  <-- slow
  [ 27/143] PASS   test_known_ban_roster.py                        4s
  [ 28/143] PASS   test_misfire_check.py                           5s
  [ 29/143] PASS   test_early_result_double_debit.py              31s  <-- slow
  [ 30/143] PASS   test_ocr_ban_card.py                            9s
  [ 31/143] PASS   test_ocr_runner.py                              8s
  [ 32/143] PASS   test_ocr_scoreboard.py                          8s
  [ 33/143] PASS   test_phase_from_hand.py                         4s
  [ 34/143] PASS   test_orchestrator_diagnostics.py                9s
  [ 35/143] PASS   test_repair_misread_cards.py                    5s
  [ 36/143] PASS   test_reveal_three_cards.py                      6s
  [ 37/143] PASS   test_reveal_trigger.py                          7s
  [ 38/143] PASS   test_roster_matching.py                         5s
  [ 39/143] PASS   test_ocr_word_mode.py                          32s  <-- slow
  [ 40/143] PASS   test_run_motion_gate.py                        33s  <-- slow
  [ 41/143] PASS   test_settle_regions.py                          5s
  [ 42/143] PASS   test_run_debit_and_scoring.py                  62s  <-- slow
  [ 43/143] PASS   test_state_io.py                               24s
  [ 44/143] PASS   test_table_prompt.py                            5s
  [ 45/143] PASS   test_tactics_effect.py                          5s
  [ 46/143] PASS   test_validate_game_state.py                     4s
  [ 47/143] PASS   test_analog_replay.py                           0s
  [ 48/143] PASS   test_vlm_ban_fallback.py                        4s
  [ 49/143] PASS   test_backoff_abandon.py                         5s
  [ 50/143] PASS   test_button_bits_match_keymap.py                4s
  [ 51/143] PASS   test_chiaki_pid.py                              5s
  [ 52/143] PASS   test_buttons_use_keyboard.py                    5s
  [ 53/143] PASS   test_doorway_pitch.py                           0s
  [ 54/143] PASS   test_cursor_tracking.py                         5s
  [ 55/143] PASS   test_drive_feedback_names_honestly.py           7s
  [ 56/143] PASS   test_run_resume_and_persist.py                 82s  <-- slow
  [ 57/143] PASS   test_ensure_live_clears_ui.py                   5s
  [ 58/143] PASS   test_fifo_open_bound.py                         3s
  [ 59/143] PASS   test_focus_protection.py                        5s
  [ 60/143] PASS   test_find_bar_is_not_a_stream_check.py          6s
  [ 61/143] PASS   test_frozen_stream.py                           4s
  [ 62/143] PASS   test_injected_input.py                          4s
  [ 63/143] PASS   test_give_up_dialog.py                          8s
  [ 64/143] PASS   test_machine_id_display_change.py               4s
  [ 65/143] PASS   test_misfire_invalidates_cursor.py              4s
  [ 66/143] PASS   test_no_game_window.py                          4s
  [ 67/143] PASS   test_pause_false_positive.py                    1s
  [ 68/143] PASS   test_input_timing.py                           16s
  [ 69/143] PASS   test_pause_menu_selection.py                    1s
  [ 70/143] PASS   test_pause_selection_safety.py                  0s
  [ 71/143] PASS   test_pause_menu.py                              4s
  [ 72/143] PASS   test_reset_sequence.py                          2s
  [ 73/143] PASS   test_press_fallback.py                          4s
  [ 74/143] PASS   test_movement.py                               18s
  [ 75/143] PASS   test_reticle_scaling.py                         5s
  [ 76/143] PASS   test_rig_diagnostics.py                         4s
  [ 77/143] PASS   test_stream_detection.py                        4s
  [ 78/143] PASS   test_window_drift.py                            4s
  [ 79/143] PASS   test_window_drift_guard.py                      4s
  [ 80/143] PASS   test_align_constants_measured.py                2s
  [ 81/143] PASS   test_align_divergence_guard.py                  1s
  [ 82/143] PASS   test_anchors.py                                 8s
  [ 83/143] PASS   test_at_table_threshold.py                      6s
  [ 84/143] PASS   test_brett_walk.py                             10s
  [ 85/143] PASS   test_add_non_disruption.py                     32s  <-- slow
  [ 86/143] PASS   test_bretts_walk.py                             3s
  [ 87/143] PASS   test_streaming_rejects_chiaki_ui.py            46s  <-- slow
  [ 88/143] PASS   test_compass_no_duplicate_ocr.py                7s
  [ 89/143] PASS   test_explore.py                                 1s
  [ 90/143] PASS   test_explore_stop_ids.py                        0s
  [ 91/143] PASS   test_failure_census_provenance.py               0s
  [ 92/143] PASS   test_failure_frame_is_the_leg.py                1s
  [ 93/143] PASS   test_compass_accuracy.py                       12s
  [ 94/143] PASS   test_follow_verified.py                         2s
  [ 95/143] PASS   test_failure_kind.py                            5s
  [ 96/143] PASS   test_jukebox_match_min.py                      28s
  [ 97/143] PASS   test_landmark_check.py                          3s
  [ 98/143] PASS   test_frozen_stream_is_invalid.py               48s  <-- slow
  [ 99/143] PASS   test_leg_curve_is_stick_not_camera.py           1s
  [100/143] PASS   test_leg_distances_match_recording.py           0s
  [101/143] PASS   test_leg_reliability.py                         2s
  [102/143] PASS   test_leg_speed_scale.py                         0s
  [103/143] PASS   test_leg_turn_tolerance.py                      5s
  [104/143] PASS   test_local_recovery.py                          0s
  [105/143] PASS   test_machine_cache.py                           4s
  [106/143] PASS   test_landmarks.py                              42s  <-- slow
  [107/143] PASS   test_map_build.py                               1s
  [108/143] PASS   test_map_build_confidence.py                    1s
  [109/143] PASS   test_measurements_are_logged.py                 4s
  [110/143] PASS   test_navigation.py                             15s
  [111/143] PASS   test_graph_walk.py                            158s  <-- slow
  [112/143] PASS   test_orb_localiser.py                          15s
  [113/143] PASS   test_pose.py                                    6s
  [114/143] PASS   test_reference_cache_invalidates.py            15s
  [115/143] PASS   test_reference_pose_flag.py                     0s
  [116/143] PASS   test_reliability_store_durability.py            1s
  [117/143] PASS   test_relocalise_by_turning.py                   0s
  [118/143] PASS   test_route_data.py                              0s
  [119/143] PASS   test_route_dense.py                             1s
  [120/143] PASS   test_affected_tests.py                        474s  <-- slow
  [121/143] PASS   test_route_follow.py                            9s
  [122/143] PASS   test_scale_cache_writes_once.py                16s
  [123/143] PASS   test_route_unstick.py                          29s
  [124/143] PASS   test_stall_gate_units.py                        2s
  [125/143] PASS   test_stall_threshold.py                         0s
  [126/143] PASS   test_success_control_frames.py                  4s
  [127/143] PASS   test_skip_ladder_on_geometry.py                11s
  [128/143] PASS   test_survey.py                                  1s
  [129/143] PASS   test_turn_calibrated.py                         7s
  [130/143] PASS   test_trusted_spawn_start_hint.py               10s
  [131/143] PASS   test_turn_curve_matches_reality.py              0s
  [132/143] PASS   test_turn_gain.py                               3s
  [133/143] PASS   test_turn_noop_is_visible.py                    8s
  [134/143] PASS   test_unreachable_resets.py                      0s
  [135/143] PASS   test_turn_control.py                           21s
  [136/143] PASS   test_world_graph.py                             1s
  [137/143] PASS   test_world_log.py                               3s
  [138/143] PASS   test_worldmap.py                                1s
  [139/143] PASS   test_world_discriminator.py                    21s
  [140/143] PASS   test_yaw_nulled_before_align.py                14s
  [141/143] PASS   test_ocr_glyphs.py                            200s  <-- slow
  [142/143] FAIL   test_map_admit.py                             985s  <-- slow
  [143/143] PASS   test_no_side_effects.py                     

tests/cpp
  test_injectinput_cpp.py                PASS

tests/harness
  test_affected_tests.py                 PASS
  test_atomic_results.py                 PASS
  test_caches_not_written_in_tests.py    PASS
  test_census_reports_leg_end.py         PASS
  test_console_exclusive.py              PASS
  test_env_loader.py                     PASS
  test_harness_restores_shipped_value.py PASS
  test_kill_runaways.py                  PASS
  test_leg_under_test_collects_evidence.py PASS
  test_no_side_effects.py                PASS
  test_no_undefined_names.py             PASS
  test_overnight_harness.py              PASS
  test_overnight_start_hint.py           PASS
  test_profile_exclusive_time.py         PASS
  test_run_trial_streams.py              PASS
  test_state_files_are_real.py           PASS
  test_suite_timeout_kills.py            PASS
  test_trial_records.py                  PASS

tests/minigame
  test_api_budget.py                     PASS
  test_balance_is_not_health.py          PASS
  test_ban_grid_locked.py                PASS
  test_ban_ocr_confusion.py              PASS
  test_ban_scan.py                       PASS
  test_budget_reserve_fits.py            PASS
  test_decisions.py                      PASS
  test_early_result_double_debit.py      PASS
  test_gameplay_regions.py               PASS
  test_image_pipeline.py                 PASS
  test_known_ban_roster.py               PASS
  test_misfire_check.py                  PASS
  test_ocr_ban_card.py                   PASS
  test_ocr_runner.py                     PASS
  test_ocr_scoreboard.py                 PASS
  test_ocr_word_mode.py                  PASS
  test_orchestrator_diagnostics.py       PASS
  test_phase_from_hand.py                PASS
  test_repair_misread_cards.py           PASS
  test_reveal_three_cards.py             PASS
  test_reveal_trigger.py                 PASS
  test_roster_matching.py                PASS
  test_run_debit_and_scoring.py          PASS
  test_run_motion_gate.py                PASS
  test_run_resume_and_persist.py         PASS
  test_settle_regions.py                 PASS
  test_state_io.py                       PASS
  test_table_prompt.py                   PASS
  test_tactics_effect.py                 PASS
  test_validate_game_state.py            PASS
  test_vlm_ban_fallback.py               PASS

tests/rig
  test_analog_replay.py                  PASS
  test_backoff_abandon.py                PASS
  test_button_bits_match_keymap.py       PASS
  test_buttons_use_keyboard.py           PASS
  test_chiaki_pid.py                     PASS
  test_cursor_tracking.py                PASS
  test_doorway_pitch.py                  PASS
  test_drive_feedback_names_honestly.py  PASS
  test_ensure_live_clears_ui.py          PASS
  test_fifo_open_bound.py                PASS
  test_find_bar_is_not_a_stream_check.py PASS
  test_focus_protection.py               PASS
  test_frozen_stream.py                  PASS
  test_give_up_dialog.py                 PASS
  test_injected_input.py                 PASS
  test_input_timing.py                   PASS
  test_machine_id_display_change.py      PASS
  test_misfire_invalidates_cursor.py     PASS
  test_movement.py                       PASS
  test_no_game_window.py                 PASS
  test_pause_false_positive.py           PASS
  test_pause_menu.py                     PASS
  test_pause_menu_selection.py           PASS
  test_pause_selection_safety.py         PASS
  test_press_fallback.py                 PASS
  test_reset_sequence.py                 PASS
  test_reticle_scaling.py                PASS
  test_rig_diagnostics.py                PASS
  test_stream_detection.py               PASS
  test_streaming_rejects_chiaki_ui.py    PASS
  test_window_drift.py                   PASS
  test_window_drift_guard.py             PASS

tests/routing
  test_add_non_disruption.py             PASS
  test_align_constants_measured.py       PASS
  test_align_divergence_guard.py         PASS
  test_anchors.py                        PASS
  test_at_table_threshold.py             PASS
  test_brett_walk.py                     PASS
  test_bretts_walk.py                    PASS
  test_compass_accuracy.py               PASS
  test_compass_no_duplicate_ocr.py       PASS
  test_explore.py                        PASS
  test_explore_stop_ids.py               PASS
  test_failure_census_provenance.py      PASS
  test_failure_frame_is_the_leg.py       PASS
  test_failure_kind.py                   PASS
  test_follow_verified.py                PASS
  test_frozen_stream_is_invalid.py       PASS
  test_graph_walk.py                     PASS
  test_jukebox_match_min.py              PASS
  test_landmark_check.py                 PASS
  test_landmarks.py                      PASS
  test_leg_curve_is_stick_not_camera.py  PASS
  test_leg_distances_match_recording.py  PASS
  test_leg_reliability.py                PASS
  test_leg_speed_scale.py                PASS
  test_leg_turn_tolerance.py             PASS
  test_local_recovery.py                 PASS
  test_machine_cache.py                  PASS
  test_map_admit.py                      FAIL
            f"{floor}+; has it been weakened? full profile {got}")
            ^^^^^^^^^^^^^^^^^^^^^^^^^^^^^^^^^^^^^^^^^^^^^^^^^^^^^^
    AssertionError: 9 not greater than or equal to 12 : G5 recoverability rejects 9 clusters, measured ~12+; has it been weakened? full profile {'G1 floor': 0, 'G2 corroboration': 4, 'G3 non-disruption': 12, 'G4 discrimination': 12, 'G5 recoverability': 9}
    
    ----------------------------------------------------------------------
    Ran 5 tests in 983.378s
    
    FAILED (failures=1)
  test_map_build.py                      PASS
  test_map_build_confidence.py           PASS
  test_measurements_are_logged.py        PASS
  test_navigation.py                     PASS
  test_ocr_glyphs.py                     PASS
  test_orb_localiser.py                  PASS
  test_pose.py                           PASS
  test_reference_cache_invalidates.py    PASS
  test_reference_pose_flag.py            PASS
  test_reliability_store_durability.py   PASS
  test_relocalise_by_turning.py          PASS
  test_route_data.py                     PASS
  test_route_dense.py                    PASS
  test_route_follow.py                   PASS
  test_route_unstick.py                  PASS
  test_scale_cache_writes_once.py        PASS
  test_skip_ladder_on_geometry.py        PASS
  test_stall_gate_units.py               PASS
  test_stall_threshold.py                PASS
  test_success_control_frames.py         PASS
  test_survey.py                         PASS
  test_trusted_spawn_start_hint.py       PASS
  test_turn_calibrated.py                PASS
  test_turn_control.py                   PASS
  test_turn_curve_matches_reality.py     PASS
  test_turn_gain.py                      PASS
  test_turn_noop_is_visible.py           PASS
  test_unreachable_resets.py             PASS
  test_world_discriminator.py            PASS
  test_world_graph.py                    PASS
  test_world_log.py                      PASS
  test_worldmap.py                       PASS
  test_yaw_nulled_before_align.py        PASS

--- FAILURES above (143 files, JOBS=4, 1331s)
